INFO:     Started server process [20448]
INFO:     Waiting for application startup.
2026-07-31 01:16:56,932 INFO numexpr.utils | Note: NumExpr detected 24 cores but "NUMEXPR_MAX_THREADS" not set, so enforcing safe limit of 16.
2026-07-31 01:16:56,932 INFO numexpr.utils | NumExpr defaulting to 16 threads.
2026-07-31 01:16:59,437 INFO jarvis.audio | modelos de wake word + VAD disponíveis
2026-07-31 01:17:06,222 WARNING nv_one_logger.api.config | OneLogger: Setting error_handling_strategy to DISABLE_QUIETLY_AND_REPORT_METRIC_ERROR for rank (rank=0) with OneLogger disabled. To override: explicitly set error_handling_strategy parameter.
2026-07-31 01:17:06,277 INFO nv_one_logger.exporter.export_config_manager | Final configuration contains 0 exporter(s)
2026-07-31 01:17:06,277 WARNING nv_one_logger.training_telemetry.api.training_telemetry_provider | No exporters were provided. This means that no telemetry data will be collected.
W0731 01:17:07.997000 20448 site-packages\torch\utils\flop_counter.py:29] triton not found; flop counting will not work for triton kernels
2026-07-31 01:17:09,465 INFO jarvis.stt | carregando nvidia/nemotron-3.5-asr-streaming-0.6b ...
[NeMo I 2026-07-31 01:17:43 mixins:194] Tokenizer SentencePieceTokenizer initialized with 13087 tokens
[NeMo W 2026-07-31 01:17:48 modelPT:287] You tried to register an artifact under config key=tokenizer.model_path but an artifact for it has already been registered.
[NeMo W 2026-07-31 01:17:48 modelPT:287] You tried to register an artifact under config key=tokenizer.vocab_path but an artifact for it has already been registered.
[NeMo I 2026-07-31 01:17:48 mixins:194] Tokenizer SentencePieceTokenizer initialized with 13087 tokens
[NeMo W 2026-07-31 01:17:54 modelPT:175] If you intend to do training or fine-tuning, please call the ModelPT.setup_training_data() method and provide a valid configuration file to setup the train data loader.
    Train config : 
    manifest_filepath: null
    sample_rate: 16000
    use_lhotse: true
    shard_manifests: true
    batch_duration: 200
    quadratic_duration: 15
    num_buckets: 30
    shuffle: true
    num_workers: 8
    pin_memory: true
    max_duration: 20
    min_duration: 0.1
    is_tarred: true
    tarred_audio_filepaths: null
    shuffle_n: 2048
    slice_length: 100
    bucketing_strategy: fully_randomized
    bucketing_batch_size: null
    bucket_buffer_size: 10000
    shuffle_buffer_size: 10000
    prompt_field: target_lang
    prompt_dictionary:
      en-US: 0
      en: 0
      en-GB: 1
      enGB: 1
      es-ES: 2
      esES: 2
      es-US: 3
      es: 3
      zh-CN: 4
      zh-ZH: 4
      zh-TW: 5
      hi-IN: 6
      hi: 6
      hi-HI: 6
      ar-AR: 7
      ar: 7
      fr-FR: 8
      fr: 8
      de-DE: 9
      de: 9
      ja-JP: 10
      ja-JA: 10
      ru-RU: 11
      ru: 11
      pt-BR: 12
      pt-PT: 13
      pt: 13
      ko-KR: 14
      ko: 14
      ko-KO: 14
      it-IT: 15
      it: 15
      nl-NL: 16
      nl: 16
      pl-PL: 17
      pl: 17
      tr-TR: 18
      tr: 18
      uk-UA: 19
      uk: 19
      ro-RO: 20
      ro: 20
      el-GR: 21
      el: 21
      cs-CZ: 22
      cs: 22
      hu-HU: 23
      hu: 23
      sv-SE: 24
      sv: 24
      da-DK: 25
      da: 25
      fi-FI: 26
      fi: 26
      no-NO: 27
      'no': 27
      nb-NO: 103
      nb: 103
      nn-NO: 104
      nn: 104
      sk-SK: 28
      sk: 28
      hr-HR: 29
      hr: 29
      bg-BG: 30
      bg: 30
      lt-LT: 31
      lt: 31
      et-EE: 60
      et: 60
      lv-LV: 61
      lv: 61
      sl-SI: 62
      sl: 62
      th-TH: 32
      vi-VN: 33
      id-ID: 34
      ms-MY: 35
      bn-IN: 36
      ur-PK: 37
      fa-IR: 38
      ta-IN: 39
      te-IN: 40
      mr-IN: 41
      gu-IN: 42
      kn-IN: 43
      ml-IN: 44
      si-LK: 45
      ne-NP: 46
      km-KH: 47
      sw-KE: 48
      am-ET: 49
      ha-NG: 50
      zu-ZA: 51
      yo-NG: 52
      ig-NG: 53
      af-ZA: 54
      rw-RW: 55
      so-SO: 56
      ny-MW: 57
      ln-CD: 58
      or-KE: 59
      he-IL: 64
      ku-TR: 65
      az-AZ: 66
      ka-GE: 67
      hy-AM: 68
      uz-UZ: 69
      tg-TJ: 70
      ky-KG: 71
      qu-PE: 80
      ay-BO: 81
      gn-PY: 82
      nah-MX: 83
      mi-NZ: 96
      haw-US: 97
      sm-WS: 98
      to-TO: 99
      fr-CA: 100
      mt-MT: 102
      auto: 101
    num_prompts: 128
    subsampling_factor: 8
    lang_field: target_lang
    training_mode: true
    input_cfg: null
    use_bucketing: true
    defer_setup: true
    
[NeMo W 2026-07-31 01:17:54 modelPT:182] If you intend to do validation, please call the ModelPT.setup_validation_data() or ModelPT.setup_multiple_validation_data() method and provide a valid configuration file to setup the validation data loader(s). 
    Validation config : 
    manifest_filepath: null
    sample_rate: 16000
    batch_size: 2
    shuffle: false
    use_start_end_token: false
    num_workers: 2
    pin_memory: true
    batch_duration: null
    use_lhotse: true
    use_bucketing: false
    max_cuts: 8
    prompt_field: target_lang
    prompt_dictionary:
      en-US: 0
      en: 0
      en-GB: 1
      enGB: 1
      es-ES: 2
      esES: 2
      es-US: 3
      es: 3
      zh-CN: 4
      zh-ZH: 4
      zh-TW: 5
      hi-IN: 6
      hi: 6
      hi-HI: 6
      ar-AR: 7
      ar: 7
      fr-FR: 8
      fr: 8
      de-DE: 9
      de: 9
      ja-JP: 10
      ja-JA: 10
      ru-RU: 11
      ru: 11
      pt-BR: 12
      pt-PT: 13
      pt: 13
      ko-KR: 14
      ko: 14
      ko-KO: 14
      it-IT: 15
      it: 15
      nl-NL: 16
      nl: 16
      pl-PL: 17
      pl: 17
      tr-TR: 18
      tr: 18
      uk-UA: 19
      uk: 19
      ro-RO: 20
      ro: 20
      el-GR: 21
      el: 21
      cs-CZ: 22
      cs: 22
      hu-HU: 23
      hu: 23
      sv-SE: 24
      sv: 24
      da-DK: 25
      da: 25
      fi-FI: 26
      fi: 26
      no-NO: 27
      'no': 27
      nb-NO: 103
      nb: 103
      nn-NO: 104
      nn: 104
      sk-SK: 28
      sk: 28
      hr-HR: 29
      hr: 29
      bg-BG: 30
      bg: 30
      lt-LT: 31
      lt: 31
      et-EE: 60
      et: 60
      lv-LV: 61
      lv: 61
      sl-SI: 62
      sl: 62
      th-TH: 32
      vi-VN: 33
      id-ID: 34
      ms-MY: 35
      bn-IN: 36
      ur-PK: 37
      fa-IR: 38
      ta-IN: 39
      te-IN: 40
      mr-IN: 41
      gu-IN: 42
      kn-IN: 43
      ml-IN: 44
      si-LK: 45
      ne-NP: 46
      km-KH: 47
      sw-KE: 48
      am-ET: 49
      ha-NG: 50
      zu-ZA: 51
      yo-NG: 52
      ig-NG: 53
      af-ZA: 54
      rw-RW: 55
      so-SO: 56
      ny-MW: 57
      ln-CD: 58
      or-KE: 59
      he-IL: 64
      ku-TR: 65
      az-AZ: 66
      ka-GE: 67
      hy-AM: 68
      uz-UZ: 69
      tg-TJ: 70
      ky-KG: 71
      qu-PE: 80
      ay-BO: 81
      gn-PY: 82
      nah-MX: 83
      mi-NZ: 96
      haw-US: 97
      sm-WS: 98
      to-TO: 99
      fr-CA: 100
      mt-MT: 102
      auto: 101
    num_prompts: 128
    subsampling_factor: 8
    training_mode: true
    name: null
    
[NeMo W 2026-07-31 01:17:54 modelPT:189] Please call the ModelPT.setup_test_data() or ModelPT.setup_multiple_test_data() method and provide a valid configuration file to setup the test data loader(s).
    Test config : 
    manifest_filepath: null
    sample_rate: 16000
    batch_size: 16
    shuffle: false
    use_start_end_token: false
    num_workers: 8
    pin_memory: true
    use_lhotse: true
    use_bucketing: false
    prompt_field: target_lang
    prompt_dictionary:
      en-US: 0
      en: 0
      en-GB: 1
      enGB: 1
      es-ES: 2
      esES: 2
      es-US: 3
      es: 3
      zh-CN: 4
      zh-ZH: 4
      zh-TW: 5
      hi-IN: 6
      hi: 6
      hi-HI: 6
      ar-AR: 7
      ar: 7
      fr-FR: 8
      fr: 8
      de-DE: 9
      de: 9
      ja-JP: 10
      ja-JA: 10
      ru-RU: 11
      ru: 11
      pt-BR: 12
      pt-PT: 13
      pt: 13
      ko-KR: 14
      ko: 14
      ko-KO: 14
      it-IT: 15
      it: 15
      nl-NL: 16
      nl: 16
      pl-PL: 17
      pl: 17
      tr-TR: 18
      tr: 18
      uk-UA: 19
      uk: 19
      ro-RO: 20
      ro: 20
      el-GR: 21
      el: 21
      cs-CZ: 22
      cs: 22
      hu-HU: 23
      hu: 23
      sv-SE: 24
      sv: 24
      da-DK: 25
      da: 25
      fi-FI: 26
      fi: 26
      no-NO: 27
      'no': 27
      nb-NO: 103
      nb: 103
      nn-NO: 104
      nn: 104
      sk-SK: 28
      sk: 28
      hr-HR: 29
      hr: 29
      bg-BG: 30
      bg: 30
      lt-LT: 31
      lt: 31
      et-EE: 60
      et: 60
      lv-LV: 61
      lv: 61
      sl-SI: 62
      sl: 62
      th-TH: 32
      vi-VN: 33
      id-ID: 34
      ms-MY: 35
      bn-IN: 36
      ur-PK: 37
      fa-IR: 38
      ta-IN: 39
      te-IN: 40
      mr-IN: 41
      gu-IN: 42
      kn-IN: 43
      ml-IN: 44
      si-LK: 45
      ne-NP: 46
      km-KH: 47
      sw-KE: 48
      am-ET: 49
      ha-NG: 50
      zu-ZA: 51
      yo-NG: 52
      ig-NG: 53
      af-ZA: 54
      rw-RW: 55
      so-SO: 56
      ny-MW: 57
      ln-CD: 58
      or-KE: 59
      he-IL: 64
      ku-TR: 65
      az-AZ: 66
      ka-GE: 67
      hy-AM: 68
      uz-UZ: 69
      tg-TJ: 70
      ky-KG: 71
      qu-PE: 80
      ay-BO: 81
      gn-PY: 82
      nah-MX: 83
      mi-NZ: 96
      haw-US: 97
      sm-WS: 98
      to-TO: 99
      fr-CA: 100
      mt-MT: 102
      auto: 101
    num_prompts: 128
    subsampling_factor: 8
    training_mode: false
    
[NeMo I 2026-07-31 01:17:59 rnnt_models:226] Using RNNT Loss : warprnnt_numba
    Loss warprnnt_numba_kwargs: {'fastemit_lambda': 0.005, 'clamp': -1.0}
[NeMo I 2026-07-31 01:17:59 rnnt_models:226] Using RNNT Loss : warprnnt_numba
    Loss warprnnt_numba_kwargs: {'fastemit_lambda': 0.005, 'clamp': -1.0}
[NeMo I 2026-07-31 01:18:00 rnnt_models:226] Using RNNT Loss : warprnnt_numba
    Loss warprnnt_numba_kwargs: {'fastemit_lambda': 0.005, 'clamp': -1.0}
[NeMo I 2026-07-31 01:18:00 rnnt_bpe_models_prompt:146] Model with prompt feature has been initialized (RNNT-only)
[NeMo I 2026-07-31 01:18:05 save_restore_connector:287] Model EncDecRNNTBPEModelWithPrompt was successfully restored from C:\Users\mathe\.cache\huggingface\hub\models--nvidia--nemotron-3.5-asr-streaming-0.6b\snapshots\f3d333391852ba876df169dcc9ba902d25b6ab0b\nemotron-3.5-asr-streaming-0.6b.nemo.
2026-07-31 01:18:05,245 INFO jarvis.stt | STT pronto em 55.8s
2026-07-31 01:18:05,245 INFO jarvis | JARVIS online.
INFO:     Application startup complete.
ERROR:    [Errno 10048] error while attempting to bind on address ('0.0.0.0', 8040): normalmente é permitida apenas uma utilização de cada endereço de soquete (protocolo/endereço de rede/porta)
INFO:     Waiting for application shutdown.
INFO:     Application shutdown complete.
[31/07/2026  1:18:07,72] servidor caiu, reiniciando em 5s... 
INFO:     Started server process [30504]
INFO:     Waiting for application startup.
2026-07-31 01:19:56,063 INFO numexpr.utils | Note: NumExpr detected 24 cores but "NUMEXPR_MAX_THREADS" not set, so enforcing safe limit of 16.
2026-07-31 01:19:56,063 INFO numexpr.utils | NumExpr defaulting to 16 threads.
2026-07-31 01:19:58,772 INFO jarvis.audio | modelos de wake word + VAD disponíveis
2026-07-31 01:20:06,783 WARNING nv_one_logger.api.config | OneLogger: Setting error_handling_strategy to DISABLE_QUIETLY_AND_REPORT_METRIC_ERROR for rank (rank=0) with OneLogger disabled. To override: explicitly set error_handling_strategy parameter.
2026-07-31 01:20:06,830 INFO nv_one_logger.exporter.export_config_manager | Final configuration contains 0 exporter(s)
2026-07-31 01:20:06,831 WARNING nv_one_logger.training_telemetry.api.training_telemetry_provider | No exporters were provided. This means that no telemetry data will be collected.
W0731 01:20:08.528000 30504 site-packages\torch\utils\flop_counter.py:29] triton not found; flop counting will not work for triton kernels
2026-07-31 01:20:09,930 INFO jarvis.stt | carregando nvidia/nemotron-3.5-asr-streaming-0.6b ...
[NeMo I 2026-07-31 01:20:51 mixins:194] Tokenizer SentencePieceTokenizer initialized with 13087 tokens
[NeMo W 2026-07-31 01:20:57 modelPT:287] You tried to register an artifact under config key=tokenizer.model_path but an artifact for it has already been registered.
[NeMo W 2026-07-31 01:20:57 modelPT:287] You tried to register an artifact under config key=tokenizer.vocab_path but an artifact for it has already been registered.
[NeMo I 2026-07-31 01:20:57 mixins:194] Tokenizer SentencePieceTokenizer initialized with 13087 tokens
[NeMo W 2026-07-31 01:21:04 modelPT:175] If you intend to do training or fine-tuning, please call the ModelPT.setup_training_data() method and provide a valid configuration file to setup the train data loader.
    Train config : 
    manifest_filepath: null
    sample_rate: 16000
    use_lhotse: true
    shard_manifests: true
    batch_duration: 200
    quadratic_duration: 15
    num_buckets: 30
    shuffle: true
    num_workers: 8
    pin_memory: true
    max_duration: 20
    min_duration: 0.1
    is_tarred: true
    tarred_audio_filepaths: null
    shuffle_n: 2048
    slice_length: 100
    bucketing_strategy: fully_randomized
    bucketing_batch_size: null
    bucket_buffer_size: 10000
    shuffle_buffer_size: 10000
    prompt_field: target_lang
    prompt_dictionary:
      en-US: 0
      en: 0
      en-GB: 1
      enGB: 1
      es-ES: 2
      esES: 2
      es-US: 3
      es: 3
      zh-CN: 4
      zh-ZH: 4
      zh-TW: 5
      hi-IN: 6
      hi: 6
      hi-HI: 6
      ar-AR: 7
      ar: 7
      fr-FR: 8
      fr: 8
      de-DE: 9
      de: 9
      ja-JP: 10
      ja-JA: 10
      ru-RU: 11
      ru: 11
      pt-BR: 12
      pt-PT: 13
      pt: 13
      ko-KR: 14
      ko: 14
      ko-KO: 14
      it-IT: 15
      it: 15
      nl-NL: 16
      nl: 16
      pl-PL: 17
      pl: 17
      tr-TR: 18
      tr: 18
      uk-UA: 19
      uk: 19
      ro-RO: 20
      ro: 20
      el-GR: 21
      el: 21
      cs-CZ: 22
      cs: 22
      hu-HU: 23
      hu: 23
      sv-SE: 24
      sv: 24
      da-DK: 25
      da: 25
      fi-FI: 26
      fi: 26
      no-NO: 27
      'no': 27
      nb-NO: 103
      nb: 103
      nn-NO: 104
      nn: 104
      sk-SK: 28
      sk: 28
      hr-HR: 29
      hr: 29
      bg-BG: 30
      bg: 30
      lt-LT: 31
      lt: 31
      et-EE: 60
      et: 60
      lv-LV: 61
      lv: 61
      sl-SI: 62
      sl: 62
      th-TH: 32
      vi-VN: 33
      id-ID: 34
      ms-MY: 35
      bn-IN: 36
      ur-PK: 37
      fa-IR: 38
      ta-IN: 39
      te-IN: 40
      mr-IN: 41
      gu-IN: 42
      kn-IN: 43
      ml-IN: 44
      si-LK: 45
      ne-NP: 46
      km-KH: 47
      sw-KE: 48
      am-ET: 49
      ha-NG: 50
      zu-ZA: 51
      yo-NG: 52
      ig-NG: 53
      af-ZA: 54
      rw-RW: 55
      so-SO: 56
      ny-MW: 57
      ln-CD: 58
      or-KE: 59
      he-IL: 64
      ku-TR: 65
      az-AZ: 66
      ka-GE: 67
      hy-AM: 68
      uz-UZ: 69
      tg-TJ: 70
      ky-KG: 71
      qu-PE: 80
      ay-BO: 81
      gn-PY: 82
      nah-MX: 83
      mi-NZ: 96
      haw-US: 97
      sm-WS: 98
      to-TO: 99
      fr-CA: 100
      mt-MT: 102
      auto: 101
    num_prompts: 128
    subsampling_factor: 8
    lang_field: target_lang
    training_mode: true
    input_cfg: null
    use_bucketing: true
    defer_setup: true
    
[NeMo W 2026-07-31 01:21:04 modelPT:182] If you intend to do validation, please call the ModelPT.setup_validation_data() or ModelPT.setup_multiple_validation_data() method and provide a valid configuration file to setup the validation data loader(s). 
    Validation config : 
    manifest_filepath: null
    sample_rate: 16000
    batch_size: 2
    shuffle: false
    use_start_end_token: false
    num_workers: 2
    pin_memory: true
    batch_duration: null
    use_lhotse: true
    use_bucketing: false
    max_cuts: 8
    prompt_field: target_lang
    prompt_dictionary:
      en-US: 0
      en: 0
      en-GB: 1
      enGB: 1
      es-ES: 2
      esES: 2
      es-US: 3
      es: 3
      zh-CN: 4
      zh-ZH: 4
      zh-TW: 5
      hi-IN: 6
      hi: 6
      hi-HI: 6
      ar-AR: 7
      ar: 7
      fr-FR: 8
      fr: 8
      de-DE: 9
      de: 9
      ja-JP: 10
      ja-JA: 10
      ru-RU: 11
      ru: 11
      pt-BR: 12
      pt-PT: 13
      pt: 13
      ko-KR: 14
      ko: 14
      ko-KO: 14
      it-IT: 15
      it: 15
      nl-NL: 16
      nl: 16
      pl-PL: 17
      pl: 17
      tr-TR: 18
      tr: 18
      uk-UA: 19
      uk: 19
      ro-RO: 20
      ro: 20
      el-GR: 21
      el: 21
      cs-CZ: 22
      cs: 22
      hu-HU: 23
      hu: 23
      sv-SE: 24
      sv: 24
      da-DK: 25
      da: 25
      fi-FI: 26
      fi: 26
      no-NO: 27
      'no': 27
      nb-NO: 103
      nb: 103
      nn-NO: 104
      nn: 104
      sk-SK: 28
      sk: 28
      hr-HR: 29
      hr: 29
      bg-BG: 30
      bg: 30
      lt-LT: 31
      lt: 31
      et-EE: 60
      et: 60
      lv-LV: 61
      lv: 61
      sl-SI: 62
      sl: 62
      th-TH: 32
      vi-VN: 33
      id-ID: 34
      ms-MY: 35
      bn-IN: 36
      ur-PK: 37
      fa-IR: 38
      ta-IN: 39
      te-IN: 40
      mr-IN: 41
      gu-IN: 42
      kn-IN: 43
      ml-IN: 44
      si-LK: 45
      ne-NP: 46
      km-KH: 47
      sw-KE: 48
      am-ET: 49
      ha-NG: 50
      zu-ZA: 51
      yo-NG: 52
      ig-NG: 53
      af-ZA: 54
      rw-RW: 55
      so-SO: 56
      ny-MW: 57
      ln-CD: 58
      or-KE: 59
      he-IL: 64
      ku-TR: 65
      az-AZ: 66
      ka-GE: 67
      hy-AM: 68
      uz-UZ: 69
      tg-TJ: 70
      ky-KG: 71
      qu-PE: 80
      ay-BO: 81
      gn-PY: 82
      nah-MX: 83
      mi-NZ: 96
      haw-US: 97
      sm-WS: 98
      to-TO: 99
      fr-CA: 100
      mt-MT: 102
      auto: 101
    num_prompts: 128
    subsampling_factor: 8
    training_mode: true
    name: null
    
[NeMo W 2026-07-31 01:21:04 modelPT:189] Please call the ModelPT.setup_test_data() or ModelPT.setup_multiple_test_data() method and provide a valid configuration file to setup the test data loader(s).
    Test config : 
    manifest_filepath: null
    sample_rate: 16000
    batch_size: 16
    shuffle: false
    use_start_end_token: false
    num_workers: 8
    pin_memory: true
    use_lhotse: true
    use_bucketing: false
    prompt_field: target_lang
    prompt_dictionary:
      en-US: 0
      en: 0
      en-GB: 1
      enGB: 1
      es-ES: 2
      esES: 2
      es-US: 3
      es: 3
      zh-CN: 4
      zh-ZH: 4
      zh-TW: 5
      hi-IN: 6
      hi: 6
      hi-HI: 6
      ar-AR: 7
      ar: 7
      fr-FR: 8
      fr: 8
      de-DE: 9
      de: 9
      ja-JP: 10
      ja-JA: 10
      ru-RU: 11
      ru: 11
      pt-BR: 12
      pt-PT: 13
      pt: 13
      ko-KR: 14
      ko: 14
      ko-KO: 14
      it-IT: 15
      it: 15
      nl-NL: 16
      nl: 16
      pl-PL: 17
      pl: 17
      tr-TR: 18
      tr: 18
      uk-UA: 19
      uk: 19
      ro-RO: 20
      ro: 20
      el-GR: 21
      el: 21
      cs-CZ: 22
      cs: 22
      hu-HU: 23
      hu: 23
      sv-SE: 24
      sv: 24
      da-DK: 25
      da: 25
      fi-FI: 26
      fi: 26
      no-NO: 27
      'no': 27
      nb-NO: 103
      nb: 103
      nn-NO: 104
      nn: 104
      sk-SK: 28
      sk: 28
      hr-HR: 29
      hr: 29
      bg-BG: 30
      bg: 30
      lt-LT: 31
      lt: 31
      et-EE: 60
      et: 60
      lv-LV: 61
      lv: 61
      sl-SI: 62
      sl: 62
      th-TH: 32
      vi-VN: 33
      id-ID: 34
      ms-MY: 35
      bn-IN: 36
      ur-PK: 37
      fa-IR: 38
      ta-IN: 39
      te-IN: 40
      mr-IN: 41
      gu-IN: 42
      kn-IN: 43
      ml-IN: 44
      si-LK: 45
      ne-NP: 46
      km-KH: 47
      sw-KE: 48
      am-ET: 49
      ha-NG: 50
      zu-ZA: 51
      yo-NG: 52
      ig-NG: 53
      af-ZA: 54
      rw-RW: 55
      so-SO: 56
      ny-MW: 57
      ln-CD: 58
      or-KE: 59
      he-IL: 64
      ku-TR: 65
      az-AZ: 66
      ka-GE: 67
      hy-AM: 68
      uz-UZ: 69
      tg-TJ: 70
      ky-KG: 71
      qu-PE: 80
      ay-BO: 81
      gn-PY: 82
      nah-MX: 83
      mi-NZ: 96
      haw-US: 97
      sm-WS: 98
      to-TO: 99
      fr-CA: 100
      mt-MT: 102
      auto: 101
    num_prompts: 128
    subsampling_factor: 8
    training_mode: false
    
[NeMo I 2026-07-31 01:21:11 rnnt_models:226] Using RNNT Loss : warprnnt_numba
    Loss warprnnt_numba_kwargs: {'fastemit_lambda': 0.005, 'clamp': -1.0}
[NeMo I 2026-07-31 01:21:11 rnnt_models:226] Using RNNT Loss : warprnnt_numba
    Loss warprnnt_numba_kwargs: {'fastemit_lambda': 0.005, 'clamp': -1.0}
[NeMo I 2026-07-31 01:21:11 rnnt_models:226] Using RNNT Loss : warprnnt_numba
    Loss warprnnt_numba_kwargs: {'fastemit_lambda': 0.005, 'clamp': -1.0}
[NeMo I 2026-07-31 01:21:11 rnnt_bpe_models_prompt:146] Model with prompt feature has been initialized (RNNT-only)
[NeMo I 2026-07-31 01:21:15 save_restore_connector:287] Model EncDecRNNTBPEModelWithPrompt was successfully restored from C:\Users\mathe\.cache\huggingface\hub\models--nvidia--nemotron-3.5-asr-streaming-0.6b\snapshots\f3d333391852ba876df169dcc9ba902d25b6ab0b\nemotron-3.5-asr-streaming-0.6b.nemo.
2026-07-31 01:21:15,207 INFO jarvis.stt | STT pronto em 65.3s
2026-07-31 01:21:15,208 INFO jarvis | JARVIS online.
INFO:     Application startup complete.
ERROR:    [Errno 10048] error while attempting to bind on address ('0.0.0.0', 8040): normalmente é permitida apenas uma utilização de cada endereço de soquete (protocolo/endereço de rede/porta)
INFO:     Waiting for application shutdown.
INFO:     Application shutdown complete.
[31/07/2026  1:21:18,36] servidor caiu, reiniciando em 5s... 
INFO:     Started server process [36104]
INFO:     Waiting for application startup.
2026-07-31 01:21:25,520 INFO numexpr.utils | Note: NumExpr detected 24 cores but "NUMEXPR_MAX_THREADS" not set, so enforcing safe limit of 16.
2026-07-31 01:21:25,520 INFO numexpr.utils | NumExpr defaulting to 16 threads.
2026-07-31 01:21:29,300 INFO jarvis.audio | modelos de wake word + VAD disponíveis
2026-07-31 01:21:37,951 WARNING nv_one_logger.api.config | OneLogger: Setting error_handling_strategy to DISABLE_QUIETLY_AND_REPORT_METRIC_ERROR for rank (rank=0) with OneLogger disabled. To override: explicitly set error_handling_strategy parameter.
2026-07-31 01:21:37,985 INFO nv_one_logger.exporter.export_config_manager | Final configuration contains 0 exporter(s)
2026-07-31 01:21:37,986 WARNING nv_one_logger.training_telemetry.api.training_telemetry_provider | No exporters were provided. This means that no telemetry data will be collected.
W0731 01:21:40.133000 36104 site-packages\torch\utils\flop_counter.py:29] triton not found; flop counting will not work for triton kernels
2026-07-31 01:21:42,063 INFO jarvis.stt | carregando nvidia/nemotron-3.5-asr-streaming-0.6b ...
[NeMo I 2026-07-31 01:22:24 mixins:194] Tokenizer SentencePieceTokenizer initialized with 13087 tokens
[NeMo W 2026-07-31 01:22:30 modelPT:287] You tried to register an artifact under config key=tokenizer.model_path but an artifact for it has already been registered.
[NeMo W 2026-07-31 01:22:30 modelPT:287] You tried to register an artifact under config key=tokenizer.vocab_path but an artifact for it has already been registered.
[NeMo I 2026-07-31 01:22:30 mixins:194] Tokenizer SentencePieceTokenizer initialized with 13087 tokens
[NeMo W 2026-07-31 01:22:37 modelPT:175] If you intend to do training or fine-tuning, please call the ModelPT.setup_training_data() method and provide a valid configuration file to setup the train data loader.
    Train config : 
    manifest_filepath: null
    sample_rate: 16000
    use_lhotse: true
    shard_manifests: true
    batch_duration: 200
    quadratic_duration: 15
    num_buckets: 30
    shuffle: true
    num_workers: 8
    pin_memory: true
    max_duration: 20
    min_duration: 0.1
    is_tarred: true
    tarred_audio_filepaths: null
    shuffle_n: 2048
    slice_length: 100
    bucketing_strategy: fully_randomized
    bucketing_batch_size: null
    bucket_buffer_size: 10000
    shuffle_buffer_size: 10000
    prompt_field: target_lang
    prompt_dictionary:
      en-US: 0
      en: 0
      en-GB: 1
      enGB: 1
      es-ES: 2
      esES: 2
      es-US: 3
      es: 3
      zh-CN: 4
      zh-ZH: 4
      zh-TW: 5
      hi-IN: 6
      hi: 6
      hi-HI: 6
      ar-AR: 7
      ar: 7
      fr-FR: 8
      fr: 8
      de-DE: 9
      de: 9
      ja-JP: 10
      ja-JA: 10
      ru-RU: 11
      ru: 11
      pt-BR: 12
      pt-PT: 13
      pt: 13
      ko-KR: 14
      ko: 14
      ko-KO: 14
      it-IT: 15
      it: 15
      nl-NL: 16
      nl: 16
      pl-PL: 17
      pl: 17
      tr-TR: 18
      tr: 18
      uk-UA: 19
      uk: 19
      ro-RO: 20
      ro: 20
      el-GR: 21
      el: 21
      cs-CZ: 22
      cs: 22
      hu-HU: 23
      hu: 23
      sv-SE: 24
      sv: 24
      da-DK: 25
      da: 25
      fi-FI: 26
      fi: 26
      no-NO: 27
      'no': 27
      nb-NO: 103
      nb: 103
      nn-NO: 104
      nn: 104
      sk-SK: 28
      sk: 28
      hr-HR: 29
      hr: 29
      bg-BG: 30
      bg: 30
      lt-LT: 31
      lt: 31
      et-EE: 60
      et: 60
      lv-LV: 61
      lv: 61
      sl-SI: 62
      sl: 62
      th-TH: 32
      vi-VN: 33
      id-ID: 34
      ms-MY: 35
      bn-IN: 36
      ur-PK: 37
      fa-IR: 38
      ta-IN: 39
      te-IN: 40
      mr-IN: 41
      gu-IN: 42
      kn-IN: 43
      ml-IN: 44
      si-LK: 45
      ne-NP: 46
      km-KH: 47
      sw-KE: 48
      am-ET: 49
      ha-NG: 50
      zu-ZA: 51
      yo-NG: 52
      ig-NG: 53
      af-ZA: 54
      rw-RW: 55
      so-SO: 56
      ny-MW: 57
      ln-CD: 58
      or-KE: 59
      he-IL: 64
      ku-TR: 65
      az-AZ: 66
      ka-GE: 67
      hy-AM: 68
      uz-UZ: 69
      tg-TJ: 70
      ky-KG: 71
      qu-PE: 80
      ay-BO: 81
      gn-PY: 82
      nah-MX: 83
      mi-NZ: 96
      haw-US: 97
      sm-WS: 98
      to-TO: 99
      fr-CA: 100
      mt-MT: 102
      auto: 101
    num_prompts: 128
    subsampling_factor: 8
    lang_field: target_lang
    training_mode: true
    input_cfg: null
    use_bucketing: true
    defer_setup: true
    
[NeMo W 2026-07-31 01:22:37 modelPT:182] If you intend to do validation, please call the ModelPT.setup_validation_data() or ModelPT.setup_multiple_validation_data() method and provide a valid configuration file to setup the validation data loader(s). 
    Validation config : 
    manifest_filepath: null
    sample_rate: 16000
    batch_size: 2
    shuffle: false
    use_start_end_token: false
    num_workers: 2
    pin_memory: true
    batch_duration: null
    use_lhotse: true
    use_bucketing: false
    max_cuts: 8
    prompt_field: target_lang
    prompt_dictionary:
      en-US: 0
      en: 0
      en-GB: 1
      enGB: 1
      es-ES: 2
      esES: 2
      es-US: 3
      es: 3
      zh-CN: 4
      zh-ZH: 4
      zh-TW: 5
      hi-IN: 6
      hi: 6
      hi-HI: 6
      ar-AR: 7
      ar: 7
      fr-FR: 8
      fr: 8
      de-DE: 9
      de: 9
      ja-JP: 10
      ja-JA: 10
      ru-RU: 11
      ru: 11
      pt-BR: 12
      pt-PT: 13
      pt: 13
      ko-KR: 14
      ko: 14
      ko-KO: 14
      it-IT: 15
      it: 15
      nl-NL: 16
      nl: 16
      pl-PL: 17
      pl: 17
      tr-TR: 18
      tr: 18
      uk-UA: 19
      uk: 19
      ro-RO: 20
      ro: 20
      el-GR: 21
      el: 21
      cs-CZ: 22
      cs: 22
      hu-HU: 23
      hu: 23
      sv-SE: 24
      sv: 24
      da-DK: 25
      da: 25
      fi-FI: 26
      fi: 26
      no-NO: 27
      'no': 27
      nb-NO: 103
      nb: 103
      nn-NO: 104
      nn: 104
      sk-SK: 28
      sk: 28
      hr-HR: 29
      hr: 29
      bg-BG: 30
      bg: 30
      lt-LT: 31
      lt: 31
      et-EE: 60
      et: 60
      lv-LV: 61
      lv: 61
      sl-SI: 62
      sl: 62
      th-TH: 32
      vi-VN: 33
      id-ID: 34
      ms-MY: 35
      bn-IN: 36
      ur-PK: 37
      fa-IR: 38
      ta-IN: 39
      te-IN: 40
      mr-IN: 41
      gu-IN: 42
      kn-IN: 43
      ml-IN: 44
      si-LK: 45
      ne-NP: 46
      km-KH: 47
      sw-KE: 48
      am-ET: 49
      ha-NG: 50
      zu-ZA: 51
      yo-NG: 52
      ig-NG: 53
      af-ZA: 54
      rw-RW: 55
      so-SO: 56
      ny-MW: 57
      ln-CD: 58
      or-KE: 59
      he-IL: 64
      ku-TR: 65
      az-AZ: 66
      ka-GE: 67
      hy-AM: 68
      uz-UZ: 69
      tg-TJ: 70
      ky-KG: 71
      qu-PE: 80
      ay-BO: 81
      gn-PY: 82
      nah-MX: 83
      mi-NZ: 96
      haw-US: 97
      sm-WS: 98
      to-TO: 99
      fr-CA: 100
      mt-MT: 102
      auto: 101
    num_prompts: 128
    subsampling_factor: 8
    training_mode: true
    name: null
    
[NeMo W 2026-07-31 01:22:37 modelPT:189] Please call the ModelPT.setup_test_data() or ModelPT.setup_multiple_test_data() method and provide a valid configuration file to setup the test data loader(s).
    Test config : 
    manifest_filepath: null
    sample_rate: 16000
    batch_size: 16
    shuffle: false
    use_start_end_token: false
    num_workers: 8
    pin_memory: true
    use_lhotse: true
    use_bucketing: false
    prompt_field: target_lang
    prompt_dictionary:
      en-US: 0
      en: 0
      en-GB: 1
      enGB: 1
      es-ES: 2
      esES: 2
      es-US: 3
      es: 3
      zh-CN: 4
      zh-ZH: 4
      zh-TW: 5
      hi-IN: 6
      hi: 6
      hi-HI: 6
      ar-AR: 7
      ar: 7
      fr-FR: 8
      fr: 8
      de-DE: 9
      de: 9
      ja-JP: 10
      ja-JA: 10
      ru-RU: 11
      ru: 11
      pt-BR: 12
      pt-PT: 13
      pt: 13
      ko-KR: 14
      ko: 14
      ko-KO: 14
      it-IT: 15
      it: 15
      nl-NL: 16
      nl: 16
      pl-PL: 17
      pl: 17
      tr-TR: 18
      tr: 18
      uk-UA: 19
      uk: 19
      ro-RO: 20
      ro: 20
      el-GR: 21
      el: 21
      cs-CZ: 22
      cs: 22
      hu-HU: 23
      hu: 23
      sv-SE: 24
      sv: 24
      da-DK: 25
      da: 25
      fi-FI: 26
      fi: 26
      no-NO: 27
      'no': 27
      nb-NO: 103
      nb: 103
      nn-NO: 104
      nn: 104
      sk-SK: 28
      sk: 28
      hr-HR: 29
      hr: 29
      bg-BG: 30
      bg: 30
      lt-LT: 31
      lt: 31
      et-EE: 60
      et: 60
      lv-LV: 61
      lv: 61
      sl-SI: 62
      sl: 62
      th-TH: 32
      vi-VN: 33
      id-ID: 34
      ms-MY: 35
      bn-IN: 36
      ur-PK: 37
      fa-IR: 38
      ta-IN: 39
      te-IN: 40
      mr-IN: 41
      gu-IN: 42
      kn-IN: 43
      ml-IN: 44
      si-LK: 45
      ne-NP: 46
      km-KH: 47
      sw-KE: 48
      am-ET: 49
      ha-NG: 50
      zu-ZA: 51
      yo-NG: 52
      ig-NG: 53
      af-ZA: 54
      rw-RW: 55
      so-SO: 56
      ny-MW: 57
      ln-CD: 58
      or-KE: 59
      he-IL: 64
      ku-TR: 65
      az-AZ: 66
      ka-GE: 67
      hy-AM: 68
      uz-UZ: 69
      tg-TJ: 70
      ky-KG: 71
      qu-PE: 80
      ay-BO: 81
      gn-PY: 82
      nah-MX: 83
      mi-NZ: 96
      haw-US: 97
      sm-WS: 98
      to-TO: 99
      fr-CA: 100
      mt-MT: 102
      auto: 101
    num_prompts: 128
    subsampling_factor: 8
    training_mode: false
    
[NeMo I 2026-07-31 01:22:44 rnnt_models:226] Using RNNT Loss : warprnnt_numba
    Loss warprnnt_numba_kwargs: {'fastemit_lambda': 0.005, 'clamp': -1.0}
[NeMo I 2026-07-31 01:22:44 rnnt_models:226] Using RNNT Loss : warprnnt_numba
    Loss warprnnt_numba_kwargs: {'fastemit_lambda': 0.005, 'clamp': -1.0}
[NeMo I 2026-07-31 01:22:44 rnnt_models:226] Using RNNT Loss : warprnnt_numba
    Loss warprnnt_numba_kwargs: {'fastemit_lambda': 0.005, 'clamp': -1.0}
[NeMo I 2026-07-31 01:22:44 rnnt_bpe_models_prompt:146] Model with prompt feature has been initialized (RNNT-only)
[NeMo I 2026-07-31 01:22:48 save_restore_connector:287] Model EncDecRNNTBPEModelWithPrompt was successfully restored from C:\Users\mathe\.cache\huggingface\hub\models--nvidia--nemotron-3.5-asr-streaming-0.6b\snapshots\f3d333391852ba876df169dcc9ba902d25b6ab0b\nemotron-3.5-asr-streaming-0.6b.nemo.
2026-07-31 01:22:48,720 INFO jarvis.stt | STT pronto em 66.7s
2026-07-31 01:22:48,720 INFO jarvis | JARVIS online.
INFO:     Application startup complete.
ERROR:    [Errno 10048] error while attempting to bind on address ('0.0.0.0', 8040): normalmente é permitida apenas uma utilização de cada endereço de soquete (protocolo/endereço de rede/porta)
INFO:     Waiting for application shutdown.
INFO:     Application shutdown complete.
[31/07/2026  1:22:53,10] servidor caiu, reiniciando em 5s... 
INFO:     Started server process [34424]
INFO:     Waiting for application startup.
2026-07-31 01:23:00,569 INFO numexpr.utils | Note: NumExpr detected 24 cores but "NUMEXPR_MAX_THREADS" not set, so enforcing safe limit of 16.
2026-07-31 01:23:00,569 INFO numexpr.utils | NumExpr defaulting to 16 threads.
2026-07-31 01:23:04,241 INFO jarvis.audio | modelos de wake word + VAD disponíveis
2026-07-31 01:23:13,192 WARNING nv_one_logger.api.config | OneLogger: Setting error_handling_strategy to DISABLE_QUIETLY_AND_REPORT_METRIC_ERROR for rank (rank=0) with OneLogger disabled. To override: explicitly set error_handling_strategy parameter.
2026-07-31 01:23:13,246 INFO nv_one_logger.exporter.export_config_manager | Final configuration contains 0 exporter(s)
2026-07-31 01:23:13,247 WARNING nv_one_logger.training_telemetry.api.training_telemetry_provider | No exporters were provided. This means that no telemetry data will be collected.
W0731 01:23:15.379000 34424 site-packages\torch\utils\flop_counter.py:29] triton not found; flop counting will not work for triton kernels
2026-07-31 01:23:17,367 INFO jarvis.stt | carregando nvidia/nemotron-3.5-asr-streaming-0.6b ...
[NeMo I 2026-07-31 01:24:06 mixins:194] Tokenizer SentencePieceTokenizer initialized with 13087 tokens
[NeMo W 2026-07-31 01:24:12 modelPT:287] You tried to register an artifact under config key=tokenizer.model_path but an artifact for it has already been registered.
[NeMo W 2026-07-31 01:24:12 modelPT:287] You tried to register an artifact under config key=tokenizer.vocab_path but an artifact for it has already been registered.
[NeMo I 2026-07-31 01:24:12 mixins:194] Tokenizer SentencePieceTokenizer initialized with 13087 tokens
[NeMo W 2026-07-31 01:24:19 modelPT:175] If you intend to do training or fine-tuning, please call the ModelPT.setup_training_data() method and provide a valid configuration file to setup the train data loader.
    Train config : 
    manifest_filepath: null
    sample_rate: 16000
    use_lhotse: true
    shard_manifests: true
    batch_duration: 200
    quadratic_duration: 15
    num_buckets: 30
    shuffle: true
    num_workers: 8
    pin_memory: true
    max_duration: 20
    min_duration: 0.1
    is_tarred: true
    tarred_audio_filepaths: null
    shuffle_n: 2048
    slice_length: 100
    bucketing_strategy: fully_randomized
    bucketing_batch_size: null
    bucket_buffer_size: 10000
    shuffle_buffer_size: 10000
    prompt_field: target_lang
    prompt_dictionary:
      en-US: 0
      en: 0
      en-GB: 1
      enGB: 1
      es-ES: 2
      esES: 2
      es-US: 3
      es: 3
      zh-CN: 4
      zh-ZH: 4
      zh-TW: 5
      hi-IN: 6
      hi: 6
      hi-HI: 6
      ar-AR: 7
      ar: 7
      fr-FR: 8
      fr: 8
      de-DE: 9
      de: 9
      ja-JP: 10
      ja-JA: 10
      ru-RU: 11
      ru: 11
      pt-BR: 12
      pt-PT: 13
      pt: 13
      ko-KR: 14
      ko: 14
      ko-KO: 14
      it-IT: 15
      it: 15
      nl-NL: 16
      nl: 16
      pl-PL: 17
      pl: 17
      tr-TR: 18
      tr: 18
      uk-UA: 19
      uk: 19
      ro-RO: 20
      ro: 20
      el-GR: 21
      el: 21
      cs-CZ: 22
      cs: 22
      hu-HU: 23
      hu: 23
      sv-SE: 24
      sv: 24
      da-DK: 25
      da: 25
      fi-FI: 26
      fi: 26
      no-NO: 27
      'no': 27
      nb-NO: 103
      nb: 103
      nn-NO: 104
      nn: 104
      sk-SK: 28
      sk: 28
      hr-HR: 29
      hr: 29
      bg-BG: 30
      bg: 30
      lt-LT: 31
      lt: 31
      et-EE: 60
      et: 60
      lv-LV: 61
      lv: 61
      sl-SI: 62
      sl: 62
      th-TH: 32
      vi-VN: 33
      id-ID: 34
      ms-MY: 35
      bn-IN: 36
      ur-PK: 37
      fa-IR: 38
      ta-IN: 39
      te-IN: 40
      mr-IN: 41
      gu-IN: 42
      kn-IN: 43
      ml-IN: 44
      si-LK: 45
      ne-NP: 46
      km-KH: 47
      sw-KE: 48
      am-ET: 49
      ha-NG: 50
      zu-ZA: 51
      yo-NG: 52
      ig-NG: 53
      af-ZA: 54
      rw-RW: 55
      so-SO: 56
      ny-MW: 57
      ln-CD: 58
      or-KE: 59
      he-IL: 64
      ku-TR: 65
      az-AZ: 66
      ka-GE: 67
      hy-AM: 68
      uz-UZ: 69
      tg-TJ: 70
      ky-KG: 71
      qu-PE: 80
      ay-BO: 81
      gn-PY: 82
      nah-MX: 83
      mi-NZ: 96
      haw-US: 97
      sm-WS: 98
      to-TO: 99
      fr-CA: 100
      mt-MT: 102
      auto: 101
    num_prompts: 128
    subsampling_factor: 8
    lang_field: target_lang
    training_mode: true
    input_cfg: null
    use_bucketing: true
    defer_setup: true
    
[NeMo W 2026-07-31 01:24:19 modelPT:182] If you intend to do validation, please call the ModelPT.setup_validation_data() or ModelPT.setup_multiple_validation_data() method and provide a valid configuration file to setup the validation data loader(s). 
    Validation config : 
    manifest_filepath: null
    sample_rate: 16000
    batch_size: 2
    shuffle: false
    use_start_end_token: false
    num_workers: 2
    pin_memory: true
    batch_duration: null
    use_lhotse: true
    use_bucketing: false
    max_cuts: 8
    prompt_field: target_lang
    prompt_dictionary:
      en-US: 0
      en: 0
      en-GB: 1
      enGB: 1
      es-ES: 2
      esES: 2
      es-US: 3
      es: 3
      zh-CN: 4
      zh-ZH: 4
      zh-TW: 5
      hi-IN: 6
      hi: 6
      hi-HI: 6
      ar-AR: 7
      ar: 7
      fr-FR: 8
      fr: 8
      de-DE: 9
      de: 9
      ja-JP: 10
      ja-JA: 10
      ru-RU: 11
      ru: 11
      pt-BR: 12
      pt-PT: 13
      pt: 13
      ko-KR: 14
      ko: 14
      ko-KO: 14
      it-IT: 15
      it: 15
      nl-NL: 16
      nl: 16
      pl-PL: 17
      pl: 17
      tr-TR: 18
      tr: 18
      uk-UA: 19
      uk: 19
      ro-RO: 20
      ro: 20
      el-GR: 21
      el: 21
      cs-CZ: 22
      cs: 22
      hu-HU: 23
      hu: 23
      sv-SE: 24
      sv: 24
      da-DK: 25
      da: 25
      fi-FI: 26
      fi: 26
      no-NO: 27
      'no': 27
      nb-NO: 103
      nb: 103
      nn-NO: 104
      nn: 104
      sk-SK: 28
      sk: 28
      hr-HR: 29
      hr: 29
      bg-BG: 30
      bg: 30
      lt-LT: 31
      lt: 31
      et-EE: 60
      et: 60
      lv-LV: 61
      lv: 61
      sl-SI: 62
      sl: 62
      th-TH: 32
      vi-VN: 33
      id-ID: 34
      ms-MY: 35
      bn-IN: 36
      ur-PK: 37
      fa-IR: 38
      ta-IN: 39
      te-IN: 40
      mr-IN: 41
      gu-IN: 42
      kn-IN: 43
      ml-IN: 44
      si-LK: 45
      ne-NP: 46
      km-KH: 47
      sw-KE: 48
      am-ET: 49
      ha-NG: 50
      zu-ZA: 51
      yo-NG: 52
      ig-NG: 53
      af-ZA: 54
      rw-RW: 55
      so-SO: 56
      ny-MW: 57
      ln-CD: 58
      or-KE: 59
      he-IL: 64
      ku-TR: 65
      az-AZ: 66
      ka-GE: 67
      hy-AM: 68
      uz-UZ: 69
      tg-TJ: 70
      ky-KG: 71
      qu-PE: 80
      ay-BO: 81
      gn-PY: 82
      nah-MX: 83
      mi-NZ: 96
      haw-US: 97
      sm-WS: 98
      to-TO: 99
      fr-CA: 100
      mt-MT: 102
      auto: 101
    num_prompts: 128
    subsampling_factor: 8
    training_mode: true
    name: null
    
[NeMo W 2026-07-31 01:24:19 modelPT:189] Please call the ModelPT.setup_test_data() or ModelPT.setup_multiple_test_data() method and provide a valid configuration file to setup the test data loader(s).
    Test config : 
    manifest_filepath: null
    sample_rate: 16000
    batch_size: 16
    shuffle: false
    use_start_end_token: false
    num_workers: 8
    pin_memory: true
    use_lhotse: true
    use_bucketing: false
    prompt_field: target_lang
    prompt_dictionary:
      en-US: 0
      en: 0
      en-GB: 1
      enGB: 1
      es-ES: 2
      esES: 2
      es-US: 3
      es: 3
      zh-CN: 4
      zh-ZH: 4
      zh-TW: 5
      hi-IN: 6
      hi: 6
      hi-HI: 6
      ar-AR: 7
      ar: 7
      fr-FR: 8
      fr: 8
      de-DE: 9
      de: 9
      ja-JP: 10
      ja-JA: 10
      ru-RU: 11
      ru: 11
      pt-BR: 12
      pt-PT: 13
      pt: 13
      ko-KR: 14
      ko: 14
      ko-KO: 14
      it-IT: 15
      it: 15
      nl-NL: 16
      nl: 16
      pl-PL: 17
      pl: 17
      tr-TR: 18
      tr: 18
      uk-UA: 19
      uk: 19
      ro-RO: 20
      ro: 20
      el-GR: 21
      el: 21
      cs-CZ: 22
      cs: 22
      hu-HU: 23
      hu: 23
      sv-SE: 24
      sv: 24
      da-DK: 25
      da: 25
      fi-FI: 26
      fi: 26
      no-NO: 27
      'no': 27
      nb-NO: 103
      nb: 103
      nn-NO: 104
      nn: 104
      sk-SK: 28
      sk: 28
      hr-HR: 29
      hr: 29
      bg-BG: 30
      bg: 30
      lt-LT: 31
      lt: 31
      et-EE: 60
      et: 60
      lv-LV: 61
      lv: 61
      sl-SI: 62
      sl: 62
      th-TH: 32
      vi-VN: 33
      id-ID: 34
      ms-MY: 35
      bn-IN: 36
      ur-PK: 37
      fa-IR: 38
      ta-IN: 39
      te-IN: 40
      mr-IN: 41
      gu-IN: 42
      kn-IN: 43
      ml-IN: 44
      si-LK: 45
      ne-NP: 46
      km-KH: 47
      sw-KE: 48
      am-ET: 49
      ha-NG: 50
      zu-ZA: 51
      yo-NG: 52
      ig-NG: 53
      af-ZA: 54
      rw-RW: 55
      so-SO: 56
      ny-MW: 57
      ln-CD: 58
      or-KE: 59
      he-IL: 64
      ku-TR: 65
      az-AZ: 66
      ka-GE: 67
      hy-AM: 68
      uz-UZ: 69
      tg-TJ: 70
      ky-KG: 71
      qu-PE: 80
      ay-BO: 81
      gn-PY: 82
      nah-MX: 83
      mi-NZ: 96
      haw-US: 97
      sm-WS: 98
      to-TO: 99
      fr-CA: 100
      mt-MT: 102
      auto: 101
    num_prompts: 128
    subsampling_factor: 8
    training_mode: false
    
[NeMo I 2026-07-31 01:24:26 rnnt_models:226] Using RNNT Loss : warprnnt_numba
    Loss warprnnt_numba_kwargs: {'fastemit_lambda': 0.005, 'clamp': -1.0}
[NeMo I 2026-07-31 01:24:26 rnnt_models:226] Using RNNT Loss : warprnnt_numba
    Loss warprnnt_numba_kwargs: {'fastemit_lambda': 0.005, 'clamp': -1.0}
[NeMo I 2026-07-31 01:24:26 rnnt_models:226] Using RNNT Loss : warprnnt_numba
    Loss warprnnt_numba_kwargs: {'fastemit_lambda': 0.005, 'clamp': -1.0}
[NeMo I 2026-07-31 01:24:26 rnnt_bpe_models_prompt:146] Model with prompt feature has been initialized (RNNT-only)
[NeMo I 2026-07-31 01:24:30 save_restore_connector:287] Model EncDecRNNTBPEModelWithPrompt was successfully restored from C:\Users\mathe\.cache\huggingface\hub\models--nvidia--nemotron-3.5-asr-streaming-0.6b\snapshots\f3d333391852ba876df169dcc9ba902d25b6ab0b\nemotron-3.5-asr-streaming-0.6b.nemo.
2026-07-31 01:24:30,750 INFO jarvis.stt | STT pronto em 73.4s
2026-07-31 01:24:30,750 INFO jarvis | JARVIS online.
INFO:     Application startup complete.
ERROR:    [Errno 10048] error while attempting to bind on address ('0.0.0.0', 8040): normalmente é permitida apenas uma utilização de cada endereço de soquete (protocolo/endereço de rede/porta)
INFO:     Waiting for application shutdown.
INFO:     Application shutdown complete.
[31/07/2026  1:24:34,14] servidor caiu, reiniciando em 5s... 
INFO:     Started server process [35864]
INFO:     Waiting for application startup.
2026-07-31 01:24:41,791 INFO numexpr.utils | Note: NumExpr detected 24 cores but "NUMEXPR_MAX_THREADS" not set, so enforcing safe limit of 16.
2026-07-31 01:24:41,792 INFO numexpr.utils | NumExpr defaulting to 16 threads.
2026-07-31 01:24:46,083 INFO jarvis.audio | modelos de wake word + VAD disponíveis
2026-07-31 01:24:56,007 WARNING nv_one_logger.api.config | OneLogger: Setting error_handling_strategy to DISABLE_QUIETLY_AND_REPORT_METRIC_ERROR for rank (rank=0) with OneLogger disabled. To override: explicitly set error_handling_strategy parameter.
2026-07-31 01:24:56,059 INFO nv_one_logger.exporter.export_config_manager | Final configuration contains 0 exporter(s)
2026-07-31 01:24:56,059 WARNING nv_one_logger.training_telemetry.api.training_telemetry_provider | No exporters were provided. This means that no telemetry data will be collected.
W0731 01:24:58.335000 35864 site-packages\torch\utils\flop_counter.py:29] triton not found; flop counting will not work for triton kernels
2026-07-31 01:25:00,316 INFO jarvis.stt | carregando nvidia/nemotron-3.5-asr-streaming-0.6b ...
[NeMo I 2026-07-31 01:25:43 mixins:194] Tokenizer SentencePieceTokenizer initialized with 13087 tokens
[NeMo W 2026-07-31 01:25:50 modelPT:287] You tried to register an artifact under config key=tokenizer.model_path but an artifact for it has already been registered.
[NeMo W 2026-07-31 01:25:50 modelPT:287] You tried to register an artifact under config key=tokenizer.vocab_path but an artifact for it has already been registered.
[NeMo I 2026-07-31 01:25:50 mixins:194] Tokenizer SentencePieceTokenizer initialized with 13087 tokens
[NeMo W 2026-07-31 01:25:58 modelPT:175] If you intend to do training or fine-tuning, please call the ModelPT.setup_training_data() method and provide a valid configuration file to setup the train data loader.
    Train config : 
    manifest_filepath: null
    sample_rate: 16000
    use_lhotse: true
    shard_manifests: true
    batch_duration: 200
    quadratic_duration: 15
    num_buckets: 30
    shuffle: true
    num_workers: 8
    pin_memory: true
    max_duration: 20
    min_duration: 0.1
    is_tarred: true
    tarred_audio_filepaths: null
    shuffle_n: 2048
    slice_length: 100
    bucketing_strategy: fully_randomized
    bucketing_batch_size: null
    bucket_buffer_size: 10000
    shuffle_buffer_size: 10000
    prompt_field: target_lang
    prompt_dictionary:
      en-US: 0
      en: 0
      en-GB: 1
      enGB: 1
      es-ES: 2
      esES: 2
      es-US: 3
      es: 3
      zh-CN: 4
      zh-ZH: 4
      zh-TW: 5
      hi-IN: 6
      hi: 6
      hi-HI: 6
      ar-AR: 7
      ar: 7
      fr-FR: 8
      fr: 8
      de-DE: 9
      de: 9
      ja-JP: 10
      ja-JA: 10
      ru-RU: 11
      ru: 11
      pt-BR: 12
      pt-PT: 13
      pt: 13
      ko-KR: 14
      ko: 14
      ko-KO: 14
      it-IT: 15
      it: 15
      nl-NL: 16
      nl: 16
      pl-PL: 17
      pl: 17
      tr-TR: 18
      tr: 18
      uk-UA: 19
      uk: 19
      ro-RO: 20
      ro: 20
      el-GR: 21
      el: 21
      cs-CZ: 22
      cs: 22
      hu-HU: 23
      hu: 23
      sv-SE: 24
      sv: 24
      da-DK: 25
      da: 25
      fi-FI: 26
      fi: 26
      no-NO: 27
      'no': 27
      nb-NO: 103
      nb: 103
      nn-NO: 104
      nn: 104
      sk-SK: 28
      sk: 28
      hr-HR: 29
      hr: 29
      bg-BG: 30
      bg: 30
      lt-LT: 31
      lt: 31
      et-EE: 60
      et: 60
      lv-LV: 61
      lv: 61
      sl-SI: 62
      sl: 62
      th-TH: 32
      vi-VN: 33
      id-ID: 34
      ms-MY: 35
      bn-IN: 36
      ur-PK: 37
      fa-IR: 38
      ta-IN: 39
      te-IN: 40
      mr-IN: 41
      gu-IN: 42
      kn-IN: 43
      ml-IN: 44
      si-LK: 45
      ne-NP: 46
      km-KH: 47
      sw-KE: 48
      am-ET: 49
      ha-NG: 50
      zu-ZA: 51
      yo-NG: 52
      ig-NG: 53
      af-ZA: 54
      rw-RW: 55
      so-SO: 56
      ny-MW: 57
      ln-CD: 58
      or-KE: 59
      he-IL: 64
      ku-TR: 65
      az-AZ: 66
      ka-GE: 67
      hy-AM: 68
      uz-UZ: 69
      tg-TJ: 70
      ky-KG: 71
      qu-PE: 80
      ay-BO: 81
      gn-PY: 82
      nah-MX: 83
      mi-NZ: 96
      haw-US: 97
      sm-WS: 98
      to-TO: 99
      fr-CA: 100
      mt-MT: 102
      auto: 101
    num_prompts: 128
    subsampling_factor: 8
    lang_field: target_lang
    training_mode: true
    input_cfg: null
    use_bucketing: true
    defer_setup: true
    
[NeMo W 2026-07-31 01:25:58 modelPT:182] If you intend to do validation, please call the ModelPT.setup_validation_data() or ModelPT.setup_multiple_validation_data() method and provide a valid configuration file to setup the validation data loader(s). 
    Validation config : 
    manifest_filepath: null
    sample_rate: 16000
    batch_size: 2
    shuffle: false
    use_start_end_token: false
    num_workers: 2
    pin_memory: true
    batch_duration: null
    use_lhotse: true
    use_bucketing: false
    max_cuts: 8
    prompt_field: target_lang
    prompt_dictionary:
      en-US: 0
      en: 0
      en-GB: 1
      enGB: 1
      es-ES: 2
      esES: 2
      es-US: 3
      es: 3
      zh-CN: 4
      zh-ZH: 4
      zh-TW: 5
      hi-IN: 6
      hi: 6
      hi-HI: 6
      ar-AR: 7
      ar: 7
      fr-FR: 8
      fr: 8
      de-DE: 9
      de: 9
      ja-JP: 10
      ja-JA: 10
      ru-RU: 11
      ru: 11
      pt-BR: 12
      pt-PT: 13
      pt: 13
      ko-KR: 14
      ko: 14
      ko-KO: 14
      it-IT: 15
      it: 15
      nl-NL: 16
      nl: 16
      pl-PL: 17
      pl: 17
      tr-TR: 18
      tr: 18
      uk-UA: 19
      uk: 19
      ro-RO: 20
      ro: 20
      el-GR: 21
      el: 21
      cs-CZ: 22
      cs: 22
      hu-HU: 23
      hu: 23
      sv-SE: 24
      sv: 24
      da-DK: 25
      da: 25
      fi-FI: 26
      fi: 26
      no-NO: 27
      'no': 27
      nb-NO: 103
      nb: 103
      nn-NO: 104
      nn: 104
      sk-SK: 28
      sk: 28
      hr-HR: 29
      hr: 29
      bg-BG: 30
      bg: 30
      lt-LT: 31
      lt: 31
      et-EE: 60
      et: 60
      lv-LV: 61
      lv: 61
      sl-SI: 62
      sl: 62
      th-TH: 32
      vi-VN: 33
      id-ID: 34
      ms-MY: 35
      bn-IN: 36
      ur-PK: 37
      fa-IR: 38
      ta-IN: 39
      te-IN: 40
      mr-IN: 41
      gu-IN: 42
      kn-IN: 43
      ml-IN: 44
      si-LK: 45
      ne-NP: 46
      km-KH: 47
      sw-KE: 48
      am-ET: 49
      ha-NG: 50
      zu-ZA: 51
      yo-NG: 52
      ig-NG: 53
      af-ZA: 54
      rw-RW: 55
      so-SO: 56
      ny-MW: 57
      ln-CD: 58
      or-KE: 59
      he-IL: 64
      ku-TR: 65
      az-AZ: 66
      ka-GE: 67
      hy-AM: 68
      uz-UZ: 69
      tg-TJ: 70
      ky-KG: 71
      qu-PE: 80
      ay-BO: 81
      gn-PY: 82
      nah-MX: 83
      mi-NZ: 96
      haw-US: 97
      sm-WS: 98
      to-TO: 99
      fr-CA: 100
      mt-MT: 102
      auto: 101
    num_prompts: 128
    subsampling_factor: 8
    training_mode: true
    name: null
    
[NeMo W 2026-07-31 01:25:58 modelPT:189] Please call the ModelPT.setup_test_data() or ModelPT.setup_multiple_test_data() method and provide a valid configuration file to setup the test data loader(s).
    Test config : 
    manifest_filepath: null
    sample_rate: 16000
    batch_size: 16
    shuffle: false
    use_start_end_token: false
    num_workers: 8
    pin_memory: true
    use_lhotse: true
    use_bucketing: false
    prompt_field: target_lang
    prompt_dictionary:
      en-US: 0
      en: 0
      en-GB: 1
      enGB: 1
      es-ES: 2
      esES: 2
      es-US: 3
      es: 3
      zh-CN: 4
      zh-ZH: 4
      zh-TW: 5
      hi-IN: 6
      hi: 6
      hi-HI: 6
      ar-AR: 7
      ar: 7
      fr-FR: 8
      fr: 8
      de-DE: 9
      de: 9
      ja-JP: 10
      ja-JA: 10
      ru-RU: 11
      ru: 11
      pt-BR: 12
      pt-PT: 13
      pt: 13
      ko-KR: 14
      ko: 14
      ko-KO: 14
      it-IT: 15
      it: 15
      nl-NL: 16
      nl: 16
      pl-PL: 17
      pl: 17
      tr-TR: 18
      tr: 18
      uk-UA: 19
      uk: 19
      ro-RO: 20
      ro: 20
      el-GR: 21
      el: 21
      cs-CZ: 22
      cs: 22
      hu-HU: 23
      hu: 23
      sv-SE: 24
      sv: 24
      da-DK: 25
      da: 25
      fi-FI: 26
      fi: 26
      no-NO: 27
      'no': 27
      nb-NO: 103
      nb: 103
      nn-NO: 104
      nn: 104
      sk-SK: 28
      sk: 28
      hr-HR: 29
      hr: 29
      bg-BG: 30
      bg: 30
      lt-LT: 31
      lt: 31
      et-EE: 60
      et: 60
      lv-LV: 61
      lv: 61
      sl-SI: 62
      sl: 62
      th-TH: 32
      vi-VN: 33
      id-ID: 34
      ms-MY: 35
      bn-IN: 36
      ur-PK: 37
      fa-IR: 38
      ta-IN: 39
      te-IN: 40
      mr-IN: 41
      gu-IN: 42
      kn-IN: 43
      ml-IN: 44
      si-LK: 45
      ne-NP: 46
      km-KH: 47
      sw-KE: 48
      am-ET: 49
      ha-NG: 50
      zu-ZA: 51
      yo-NG: 52
      ig-NG: 53
      af-ZA: 54
      rw-RW: 55
      so-SO: 56
      ny-MW: 57
      ln-CD: 58
      or-KE: 59
      he-IL: 64
      ku-TR: 65
      az-AZ: 66
      ka-GE: 67
      hy-AM: 68
      uz-UZ: 69
      tg-TJ: 70
      ky-KG: 71
      qu-PE: 80
      ay-BO: 81
      gn-PY: 82
      nah-MX: 83
      mi-NZ: 96
      haw-US: 97
      sm-WS: 98
      to-TO: 99
      fr-CA: 100
      mt-MT: 102
      auto: 101
    num_prompts: 128
    subsampling_factor: 8
    training_mode: false
    
[NeMo I 2026-07-31 01:26:05 rnnt_models:226] Using RNNT Loss : warprnnt_numba
    Loss warprnnt_numba_kwargs: {'fastemit_lambda': 0.005, 'clamp': -1.0}
[NeMo I 2026-07-31 01:26:05 rnnt_models:226] Using RNNT Loss : warprnnt_numba
    Loss warprnnt_numba_kwargs: {'fastemit_lambda': 0.005, 'clamp': -1.0}
[NeMo I 2026-07-31 01:26:06 rnnt_models:226] Using RNNT Loss : warprnnt_numba
    Loss warprnnt_numba_kwargs: {'fastemit_lambda': 0.005, 'clamp': -1.0}
[NeMo I 2026-07-31 01:26:06 rnnt_bpe_models_prompt:146] Model with prompt feature has been initialized (RNNT-only)
[NeMo I 2026-07-31 01:26:09 save_restore_connector:287] Model EncDecRNNTBPEModelWithPrompt was successfully restored from C:\Users\mathe\.cache\huggingface\hub\models--nvidia--nemotron-3.5-asr-streaming-0.6b\snapshots\f3d333391852ba876df169dcc9ba902d25b6ab0b\nemotron-3.5-asr-streaming-0.6b.nemo.
2026-07-31 01:26:09,952 INFO jarvis.stt | STT pronto em 69.6s
2026-07-31 01:26:09,953 INFO jarvis | JARVIS online.
INFO:     Application startup complete.
ERROR:    [Errno 10048] error while attempting to bind on address ('0.0.0.0', 8040): normalmente é permitida apenas uma utilização de cada endereço de soquete (protocolo/endereço de rede/porta)
INFO:     Waiting for application shutdown.
INFO:     Application shutdown complete.
[31/07/2026  1:26:14,03] servidor caiu, reiniciando em 5s... 
INFO:     Started server process [37604]
INFO:     Waiting for application startup.
2026-07-31 01:26:22,249 INFO numexpr.utils | Note: NumExpr detected 24 cores but "NUMEXPR_MAX_THREADS" not set, so enforcing safe limit of 16.
2026-07-31 01:26:22,249 INFO numexpr.utils | NumExpr defaulting to 16 threads.
2026-07-31 01:26:27,160 INFO jarvis.audio | modelos de wake word + VAD disponíveis
2026-07-31 01:26:37,584 WARNING nv_one_logger.api.config | OneLogger: Setting error_handling_strategy to DISABLE_QUIETLY_AND_REPORT_METRIC_ERROR for rank (rank=0) with OneLogger disabled. To override: explicitly set error_handling_strategy parameter.
2026-07-31 01:26:37,633 INFO nv_one_logger.exporter.export_config_manager | Final configuration contains 0 exporter(s)
2026-07-31 01:26:37,633 WARNING nv_one_logger.training_telemetry.api.training_telemetry_provider | No exporters were provided. This means that no telemetry data will be collected.
W0731 01:26:40.290000 37604 site-packages\torch\utils\flop_counter.py:29] triton not found; flop counting will not work for triton kernels
2026-07-31 01:26:42,619 INFO jarvis.stt | carregando nvidia/nemotron-3.5-asr-streaming-0.6b ...
[NeMo I 2026-07-31 01:27:35 mixins:194] Tokenizer SentencePieceTokenizer initialized with 13087 tokens
[NeMo W 2026-07-31 01:27:42 modelPT:287] You tried to register an artifact under config key=tokenizer.model_path but an artifact for it has already been registered.
[NeMo W 2026-07-31 01:27:42 modelPT:287] You tried to register an artifact under config key=tokenizer.vocab_path but an artifact for it has already been registered.
[NeMo I 2026-07-31 01:27:42 mixins:194] Tokenizer SentencePieceTokenizer initialized with 13087 tokens
[NeMo W 2026-07-31 01:27:49 modelPT:175] If you intend to do training or fine-tuning, please call the ModelPT.setup_training_data() method and provide a valid configuration file to setup the train data loader.
    Train config : 
    manifest_filepath: null
    sample_rate: 16000
    use_lhotse: true
    shard_manifests: true
    batch_duration: 200
    quadratic_duration: 15
    num_buckets: 30
    shuffle: true
    num_workers: 8
    pin_memory: true
    max_duration: 20
    min_duration: 0.1
    is_tarred: true
    tarred_audio_filepaths: null
    shuffle_n: 2048
    slice_length: 100
    bucketing_strategy: fully_randomized
    bucketing_batch_size: null
    bucket_buffer_size: 10000
    shuffle_buffer_size: 10000
    prompt_field: target_lang
    prompt_dictionary:
      en-US: 0
      en: 0
      en-GB: 1
      enGB: 1
      es-ES: 2
      esES: 2
      es-US: 3
      es: 3
      zh-CN: 4
      zh-ZH: 4
      zh-TW: 5
      hi-IN: 6
      hi: 6
      hi-HI: 6
      ar-AR: 7
      ar: 7
      fr-FR: 8
      fr: 8
      de-DE: 9
      de: 9
      ja-JP: 10
      ja-JA: 10
      ru-RU: 11
      ru: 11
      pt-BR: 12
      pt-PT: 13
      pt: 13
      ko-KR: 14
      ko: 14
      ko-KO: 14
      it-IT: 15
      it: 15
      nl-NL: 16
      nl: 16
      pl-PL: 17
      pl: 17
      tr-TR: 18
      tr: 18
      uk-UA: 19
      uk: 19
      ro-RO: 20
      ro: 20
      el-GR: 21
      el: 21
      cs-CZ: 22
      cs: 22
      hu-HU: 23
      hu: 23
      sv-SE: 24
      sv: 24
      da-DK: 25
      da: 25
      fi-FI: 26
      fi: 26
      no-NO: 27
      'no': 27
      nb-NO: 103
      nb: 103
      nn-NO: 104
      nn: 104
      sk-SK: 28
      sk: 28
      hr-HR: 29
      hr: 29
      bg-BG: 30
      bg: 30
      lt-LT: 31
      lt: 31
      et-EE: 60
      et: 60
      lv-LV: 61
      lv: 61
      sl-SI: 62
      sl: 62
      th-TH: 32
      vi-VN: 33
      id-ID: 34
      ms-MY: 35
      bn-IN: 36
      ur-PK: 37
      fa-IR: 38
      ta-IN: 39
      te-IN: 40
      mr-IN: 41
      gu-IN: 42
      kn-IN: 43
      ml-IN: 44
      si-LK: 45
      ne-NP: 46
      km-KH: 47
      sw-KE: 48
      am-ET: 49
      ha-NG: 50
      zu-ZA: 51
      yo-NG: 52
      ig-NG: 53
      af-ZA: 54
      rw-RW: 55
      so-SO: 56
      ny-MW: 57
      ln-CD: 58
      or-KE: 59
      he-IL: 64
      ku-TR: 65
      az-AZ: 66
      ka-GE: 67
      hy-AM: 68
      uz-UZ: 69
      tg-TJ: 70
      ky-KG: 71
      qu-PE: 80
      ay-BO: 81
      gn-PY: 82
      nah-MX: 83
      mi-NZ: 96
      haw-US: 97
      sm-WS: 98
      to-TO: 99
      fr-CA: 100
      mt-MT: 102
      auto: 101
    num_prompts: 128
    subsampling_factor: 8
    lang_field: target_lang
    training_mode: true
    input_cfg: null
    use_bucketing: true
    defer_setup: true
    
[NeMo W 2026-07-31 01:27:49 modelPT:182] If you intend to do validation, please call the ModelPT.setup_validation_data() or ModelPT.setup_multiple_validation_data() method and provide a valid configuration file to setup the validation data loader(s). 
    Validation config : 
    manifest_filepath: null
    sample_rate: 16000
    batch_size: 2
    shuffle: false
    use_start_end_token: false
    num_workers: 2
    pin_memory: true
    batch_duration: null
    use_lhotse: true
    use_bucketing: false
    max_cuts: 8
    prompt_field: target_lang
    prompt_dictionary:
      en-US: 0
      en: 0
      en-GB: 1
      enGB: 1
      es-ES: 2
      esES: 2
      es-US: 3
      es: 3
      zh-CN: 4
      zh-ZH: 4
      zh-TW: 5
      hi-IN: 6
      hi: 6
      hi-HI: 6
      ar-AR: 7
      ar: 7
      fr-FR: 8
      fr: 8
      de-DE: 9
      de: 9
      ja-JP: 10
      ja-JA: 10
      ru-RU: 11
      ru: 11
      pt-BR: 12
      pt-PT: 13
      pt: 13
      ko-KR: 14
      ko: 14
      ko-KO: 14
      it-IT: 15
      it: 15
      nl-NL: 16
      nl: 16
      pl-PL: 17
      pl: 17
      tr-TR: 18
      tr: 18
      uk-UA: 19
      uk: 19
      ro-RO: 20
      ro: 20
      el-GR: 21
      el: 21
      cs-CZ: 22
      cs: 22
      hu-HU: 23
      hu: 23
      sv-SE: 24
      sv: 24
      da-DK: 25
      da: 25
      fi-FI: 26
      fi: 26
      no-NO: 27
      'no': 27
      nb-NO: 103
      nb: 103
      nn-NO: 104
      nn: 104
      sk-SK: 28
      sk: 28
      hr-HR: 29
      hr: 29
      bg-BG: 30
      bg: 30
      lt-LT: 31
      lt: 31
      et-EE: 60
      et: 60
      lv-LV: 61
      lv: 61
      sl-SI: 62
      sl: 62
      th-TH: 32
      vi-VN: 33
      id-ID: 34
      ms-MY: 35
      bn-IN: 36
      ur-PK: 37
      fa-IR: 38
      ta-IN: 39
      te-IN: 40
      mr-IN: 41
      gu-IN: 42
      kn-IN: 43
      ml-IN: 44
      si-LK: 45
      ne-NP: 46
      km-KH: 47
      sw-KE: 48
      am-ET: 49
      ha-NG: 50
      zu-ZA: 51
      yo-NG: 52
      ig-NG: 53
      af-ZA: 54
      rw-RW: 55
      so-SO: 56
      ny-MW: 57
      ln-CD: 58
      or-KE: 59
      he-IL: 64
      ku-TR: 65
      az-AZ: 66
      ka-GE: 67
      hy-AM: 68
      uz-UZ: 69
      tg-TJ: 70
      ky-KG: 71
      qu-PE: 80
      ay-BO: 81
      gn-PY: 82
      nah-MX: 83
      mi-NZ: 96
      haw-US: 97
      sm-WS: 98
      to-TO: 99
      fr-CA: 100
      mt-MT: 102
      auto: 101
    num_prompts: 128
    subsampling_factor: 8
    training_mode: true
    name: null
    
[NeMo W 2026-07-31 01:27:49 modelPT:189] Please call the ModelPT.setup_test_data() or ModelPT.setup_multiple_test_data() method and provide a valid configuration file to setup the test data loader(s).
    Test config : 
    manifest_filepath: null
    sample_rate: 16000
    batch_size: 16
    shuffle: false
    use_start_end_token: false
    num_workers: 8
    pin_memory: true
    use_lhotse: true
    use_bucketing: false
    prompt_field: target_lang
    prompt_dictionary:
      en-US: 0
      en: 0
      en-GB: 1
      enGB: 1
      es-ES: 2
      esES: 2
      es-US: 3
      es: 3
      zh-CN: 4
      zh-ZH: 4
      zh-TW: 5
      hi-IN: 6
      hi: 6
      hi-HI: 6
      ar-AR: 7
      ar: 7
      fr-FR: 8
      fr: 8
      de-DE: 9
      de: 9
      ja-JP: 10
      ja-JA: 10
      ru-RU: 11
      ru: 11
      pt-BR: 12
      pt-PT: 13
      pt: 13
      ko-KR: 14
      ko: 14
      ko-KO: 14
      it-IT: 15
      it: 15
      nl-NL: 16
      nl: 16
      pl-PL: 17
      pl: 17
      tr-TR: 18
      tr: 18
      uk-UA: 19
      uk: 19
      ro-RO: 20
      ro: 20
      el-GR: 21
      el: 21
      cs-CZ: 22
      cs: 22
      hu-HU: 23
      hu: 23
      sv-SE: 24
      sv: 24
      da-DK: 25
      da: 25
      fi-FI: 26
      fi: 26
      no-NO: 27
      'no': 27
      nb-NO: 103
      nb: 103
      nn-NO: 104
      nn: 104
      sk-SK: 28
      sk: 28
      hr-HR: 29
      hr: 29
      bg-BG: 30
      bg: 30
      lt-LT: 31
      lt: 31
      et-EE: 60
      et: 60
      lv-LV: 61
      lv: 61
      sl-SI: 62
      sl: 62
      th-TH: 32
      vi-VN: 33
      id-ID: 34
      ms-MY: 35
      bn-IN: 36
      ur-PK: 37
      fa-IR: 38
      ta-IN: 39
      te-IN: 40
      mr-IN: 41
      gu-IN: 42
      kn-IN: 43
      ml-IN: 44
      si-LK: 45
      ne-NP: 46
      km-KH: 47
      sw-KE: 48
      am-ET: 49
      ha-NG: 50
      zu-ZA: 51
      yo-NG: 52
      ig-NG: 53
      af-ZA: 54
      rw-RW: 55
      so-SO: 56
      ny-MW: 57
      ln-CD: 58
      or-KE: 59
      he-IL: 64
      ku-TR: 65
      az-AZ: 66
      ka-GE: 67
      hy-AM: 68
      uz-UZ: 69
      tg-TJ: 70
      ky-KG: 71
      qu-PE: 80
      ay-BO: 81
      gn-PY: 82
      nah-MX: 83
      mi-NZ: 96
      haw-US: 97
      sm-WS: 98
      to-TO: 99
      fr-CA: 100
      mt-MT: 102
      auto: 101
    num_prompts: 128
    subsampling_factor: 8
    training_mode: false
    
[NeMo I 2026-07-31 01:27:57 rnnt_models:226] Using RNNT Loss : warprnnt_numba
    Loss warprnnt_numba_kwargs: {'fastemit_lambda': 0.005, 'clamp': -1.0}
[NeMo I 2026-07-31 01:27:57 rnnt_models:226] Using RNNT Loss : warprnnt_numba
    Loss warprnnt_numba_kwargs: {'fastemit_lambda': 0.005, 'clamp': -1.0}
[NeMo I 2026-07-31 01:27:57 rnnt_models:226] Using RNNT Loss : warprnnt_numba
    Loss warprnnt_numba_kwargs: {'fastemit_lambda': 0.005, 'clamp': -1.0}
[NeMo I 2026-07-31 01:27:57 rnnt_bpe_models_prompt:146] Model with prompt feature has been initialized (RNNT-only)
[NeMo I 2026-07-31 01:28:00 save_restore_connector:287] Model EncDecRNNTBPEModelWithPrompt was successfully restored from C:\Users\mathe\.cache\huggingface\hub\models--nvidia--nemotron-3.5-asr-streaming-0.6b\snapshots\f3d333391852ba876df169dcc9ba902d25b6ab0b\nemotron-3.5-asr-streaming-0.6b.nemo.
2026-07-31 01:28:00,950 INFO jarvis.stt | STT pronto em 78.3s
2026-07-31 01:28:00,950 INFO jarvis | JARVIS online.
INFO:     Application startup complete.
ERROR:    [Errno 10048] error while attempting to bind on address ('0.0.0.0', 8040): normalmente é permitida apenas uma utilização de cada endereço de soquete (protocolo/endereço de rede/porta)
INFO:     Waiting for application shutdown.
INFO:     Application shutdown complete.
[31/07/2026  1:28:03,82] servidor caiu, reiniciando em 5s... 
